// Jest Snapshot v1, https://goo.gl/fbAQLP

exports[`Screen should match the snapshot 1`] = `
<form
  className="screen"
  onSubmit={[Function]}
>
  <input
    autoFocus="true"
    data-q="input-field"
    onChange={[Function]}
    pattern="\\\\d*"
    style={
      Object {
        "fontSize": "2em",
      }
    }
    value="69"
  />
  <button
    data-q="input-number"
    type="submit"
  >
    Input number
  </button>
</form>
`;
