// Jest Snapshot v1, https://goo.gl/fbAQLP

exports[`Keypad should match the snapshot 1`] = `
<div
  className="keypad group"
>
  <button
    className="number-key"
    data-q="number-key-0"
    key="0"
    onClick={[Function]}
  >
    0
  </button>
  <button
    className="number-key"
    data-q="number-key-1"
    key="1"
    onClick={[Function]}
  >
    1
  </button>
  <button
    className="number-key"
    data-q="number-key-2"
    key="2"
    onClick={[Function]}
  >
    2
  </button>
  <button
    className="number-key"
    data-q="number-key-3"
    key="3"
    onClick={[Function]}
  >
    3
  </button>
  <button
    className="number-key"
    data-q="number-key-4"
    key="4"
    onClick={[Function]}
  >
    4
  </button>
  <button
    className="number-key"
    data-q="number-key-5"
    key="5"
    onClick={[Function]}
  >
    5
  </button>
  <button
    className="number-key"
    data-q="number-key-6"
    key="6"
    onClick={[Function]}
  >
    6
  </button>
  <button
    className="number-key"
    data-q="number-key-7"
    key="7"
    onClick={[Function]}
  >
    7
  </button>
  <button
    className="number-key"
    data-q="number-key-8"
    key="8"
    onClick={[Function]}
  >
    8
  </button>
  <button
    className="number-key"
    data-q="number-key-9"
    key="9"
    onClick={[Function]}
  >
    9
  </button>
  <button
    className="operation-key"
    data-q="clear"
    onClick={[Function]}
  >
    clear
  </button>
  <button
    className="operation-key"
    onClick={[Function]}
  >
    clear all
  </button>
  <button
    className="operation-key"
    data-q="add-all"
    key="0"
    onClick={[Function]}
  >
    Add All
  </button>
  <button
    className="operation-key"
    data-q="aquare-all"
    key="1"
    onClick={[Function]}
  >
    Aquare All
  </button>
  <button
    className="operation-key"
    data-q="mean-all"
    key="2"
    onClick={[Function]}
  >
    Mean All
  </button>
  <button
    className="operation-key"
    data-q="mean-of-all-squared"
    key="3"
    onClick={[Function]}
  >
    Mean of All Squared
  </button>
  <button
    className="operation-key"
    data-q="get-variance"
    key="4"
    onClick={[Function]}
  >
    Get Variance
  </button>
</div>
`;
